imu_task.c:68:6:arhs_task	64	static
imu_task.c:195:9:mpu_device_init	40	static
imu_task.c:266:6:ist8310_get_data	16	static
imu_task.c:278:13:mpu_get_raw_data	8	static
imu_task.c:310:6:mpu_get_data_update	16	static
imu_task.c:335:6:mpu_ZeroOffset_init	4	static
imu_task.c:350:6:mpu_offset_call	32	static
imu_task.c:405:6:Quaternion_Init	16	static
imu_task.c:419:6:euler_init	16	static
imu_task.c:435:6:Quternion_Update	24	static
imu_task.c:447:6:Euler_Angle_Update	24	static
imu_task.c:467:13:imu_temp_pid_cntrol	24	static
imu_task.c:499:6:imu_temp_pwm_set	16	static
imu_task.c:518:6:Usart2_NiMing_Send_Data	56	static
imu_task.c:549:6:Usart2_Send_MPU6500_BMI088_Data	48	static
imu_task.c:588:6:Usart2_Send_ARHS_Data	56	static
imu_task.c:643:6:IMU_Feedback_data	24	static
imu_task.c:659:26:get_mpu_FeedbackData_point	4	static
